// Jest Snapshot v1, https://goo.gl/fbAQLP

exports[`State must update 1`] = `
<div>
  <button
    onClick={[Function]}
  >
    click
  </button>
  <p>
     
    
  </p>
</div>
`;
